0.85291
0.847745
0.831069
0.816169
0.800667
0.778143
0.747759
0.721437
0.704841
0.692478
0.672325
0.650158
0.630432
0.609725
0.581016
0.549508
0.514062
0.47994
0.449057
0.417495
0.389877
0.363818
0.339698
0.319545
0.296536
0.275273
0.254707
0.232722
0.20782
0.185577
0.167381
0.153607
0.141066
0.123154
0.110593
0.0998829
0.0948085
0.0893686
0.0826339
0.0758205
0.0683172
0.0609261
0.0534036
0.0467992
0.0434867
0.0303213
0.0205403
0.00743024
0.00078277
0.00370874
0.00672109
0.0152245
0.0282512
0.0411345
0.058233
0.0680965
0.0838664
0.0912219
0.0951799
0.0980851
0.0993891
0.104323
0.111657
0.11781
0.123552
0.135076
0.148966
0.162559
0.176951
0.18859
0.195294
0.208504
0.221468
0.234404
0.255439
0.274243
0.286644
0.301285
0.317841
0.335657
0.360458
0.384015
0.411324
0.438089
0.463028
0.487378
0.517221
0.550173
0.578274
0.60314
0.636155
0.675901
0.713509
0.748995
0.782079
0.804342
0.827345
0.842488
0.849864
0.855642
