0.168624
0.181139
0.202451
0.227293
0.260152
0.300666
0.345897
0.384608
0.429182
0.476104
0.527436
0.568739
0.603692
0.640219
0.67355
0.711062
0.744545
0.775849
0.797559
0.814855
0.828547
0.837984
0.847529
0.855337
0.864824
0.872588
0.879358
0.876319
0.870935
0.861441
0.853371
0.840709
0.818307
0.797595
0.774494
0.744042
0.708881
0.665151
0.620418
0.574394
0.529536
0.486737
0.438548
0.378473
0.318323
0.255405
0.194126
0.140378
0.0851514
0.0256188
-0.0383558
-0.0992401
-0.156191
-0.210002
-0.265286
-0.330933
-0.392603
-0.454165
-0.504563
-0.549931
-0.597739
-0.649687
-0.698585
-0.739753
-0.784428
-0.819467
-0.849431
-0.872745
-0.89372
-0.909822
-0.923987
-0.941539
-0.949056
-0.949353
-0.945946
-0.939768
-0.932236
-0.924099
-0.917968
-0.903455
-0.885588
-0.858963
-0.832946
-0.813414
-0.785838
-0.743322
-0.69844
-0.661755
-0.623263
-0.586304
-0.551479
-0.513048
-0.471686
-0.436672
-0.406219
-0.374777
-0.346914
-0.319058
-0.300621
-0.291614
